#-----------------------------------------------------------
# Vivado v2020.2 (64-bit)
# SW Build 3064766 on Wed Nov 18 09:12:45 MST 2020
# IP Build 3064653 on Wed Nov 18 14:17:31 MST 2020
# Start of session at: Fri Apr 22 22:04:44 2022
# Process ID: 1084
# Current directory: D:/USTC/Computer_Architecture2022/Lab/calab-verilog/Lab2/Vivado_project/project_1
# Command line: vivado.exe -gui_launcher_event rodinguilauncherevent18656 D:\USTC\Computer_Architecture2022\Lab\calab-verilog\Lab2\Vivado_project\project_1\project_1.xpr
# Log file: D:/USTC/Computer_Architecture2022/Lab/calab-verilog/Lab2/Vivado_project/project_1/vivado.log
# Journal file: D:/USTC/Computer_Architecture2022/Lab/calab-verilog/Lab2/Vivado_project/project_1\vivado.jou
#-----------------------------------------------------------
start_gui
open_project D:/USTC/Computer_Architecture2022/Lab/calab-verilog/Lab2/Vivado_project/project_1/project_1.xpr
update_compile_order -fileset sources_1
reset_run synth_1
launch_runs synth_1 -jobs 4
wait_on_run synth_1
synth_design -rtl -rtl_skip_mlo -name rtl_1
