#-----------------------------------------------------------
# Vivado v2020.2 (64-bit)
# SW Build 3064766 on Wed Nov 18 09:12:45 MST 2020
# IP Build 3064653 on Wed Nov 18 14:17:31 MST 2020
# Start of session at: Sun Apr 10 13:44:32 2022
# Process ID: 12164
# Current directory: D:/USTC/Computer_Architecture2022/Lab/calab-verilog/Lab2/Vivado_project/project_1
# Command line: vivado.exe -gui_launcher_event rodinguilauncherevent6012 D:\USTC\Computer_Architecture2022\Lab\calab-verilog\Lab2\Vivado_project\project_1\project_1.xpr
# Log file: D:/USTC/Computer_Architecture2022/Lab/calab-verilog/Lab2/Vivado_project/project_1/vivado.log
# Journal file: D:/USTC/Computer_Architecture2022/Lab/calab-verilog/Lab2/Vivado_project/project_1\vivado.jou
#-----------------------------------------------------------
start_gui
open_project D:/USTC/Computer_Architecture2022/Lab/calab-verilog/Lab2/Vivado_project/project_1/project_1.xpr
update_compile_order -fileset sources_1
launch_simulation
source testBench.tcl
relaunch_sim
run all
relaunch_sim
run all
relaunch_sim
run all
relaunch_sim
run all
close_sim
