#-----------------------------------------------------------
# Webtalk v2020.2 (64-bit)
# SW Build 3064766 on Wed Nov 18 09:12:45 MST 2020
# IP Build 3064653 on Wed Nov 18 14:17:31 MST 2020
# Start of session at: Sun Apr 10 13:58:37 2022
# Process ID: 11060
# Current directory: D:/USTC/Computer_Architecture2022/Lab/calab-verilog/Lab2/Vivado_project/project_1/project_1.sim/sim_1/behav/xsim
# Command line: wbtcv.exe -mode batch -source D:/USTC/Computer_Architecture2022/Lab/calab-verilog/Lab2/Vivado_project/project_1/project_1.sim/sim_1/behav/xsim/xsim.dir/testBench_behav/webtalk/xsim_webtalk.tcl -notrace
# Log file: D:/USTC/Computer_Architecture2022/Lab/calab-verilog/Lab2/Vivado_project/project_1/project_1.sim/sim_1/behav/xsim/webtalk.log
# Journal file: D:/USTC/Computer_Architecture2022/Lab/calab-verilog/Lab2/Vivado_project/project_1/project_1.sim/sim_1/behav/xsim\webtalk.jou
#-----------------------------------------------------------
source D:/USTC/Computer_Architecture2022/Lab/calab-verilog/Lab2/Vivado_project/project_1/project_1.sim/sim_1/behav/xsim/xsim.dir/testBench_behav/webtalk/xsim_webtalk.tcl -notrace
